// Jest Snapshot v1, https://goo.gl/fbAQLP

exports[`TESTING MenuItem component GIVEN valid props WHEN the MenuItem component is rendered in snapshot testing THEN it should match the snapshot 1`] = `
<DocumentFragment>
  <a
    class="flex flex-col border border-slate-400 p-2 md:p-6 xl:p-12 gap-2 cursor-pointer relative group hover:bg-slate-100/10"
    data-testid="menu-item-container"
    href="/"
    role="button"
  >
    <div
      class="absolute left-0 top-0 w-4 transition-opacity opacity-0 group-hover:opacity-100 aspect-square bg-primary-300"
    />
    <h3
      class="uppercase font-medium font-sans tracking-wide text-base md:text-xl xl:text-2xl"
    >
      Sample Heading
    </h3>
    <p
      class="font-lora hidden md:block text-base xl:text-lg text-slate-400"
    >
      Menu description
    </p>
  </a>
</DocumentFragment>
`;
