// Jest Snapshot v1, https://goo.gl/fbAQLP

exports[`TESTING GlobalSearchModalSearchBar component GIVEN a keyword and onEsc callback WHEN the component is rendered for snapshot testing THEN it should match the snapshot 1`] = `
<DocumentFragment>
  <div
    class="flex flex-row items-center justify-between relative"
  >
    <label
      class="hidden"
      for="globalSearch"
    >
      Search
    </label>
    <div
      class="absolute left-6 top-1/2 -translate-y-1/2 pointer-events-none text-slate-400"
    >
      <svg
        class="w-6 h-6"
        fill="none"
        stroke="currentColor"
        stroke-width="1.5"
        viewBox="0 0 24 24"
        xmlns="http://www.w3.org/2000/svg"
      >
        <path
          d="M21 21l-5.197-5.197m0 0A7.5 7.5 0 105.196 5.196a7.5 7.5 0 0010.607 10.607z"
          stroke-linecap="round"
          stroke-linejoin="round"
        />
      </svg>
    </div>
    <input
      class="pl-16 p-6 rounded-t-xl w-full border-slate-400 focus:outline-none focus:ring focus:border-slate-800"
      data-testid="global-search-modal-search-bar-container"
      id="globalSearch"
      placeholder="Search..."
      value="Testing"
    />
    <button
      class="absolute top-1/2 -translate-y-1/2 right-6 rounded-lg px-4 py-2 border border-slate-300 md:hover:bg-slate-50 text-slate-400 w-fit h-fit"
      data-testid="global-search-modal-escape-btn"
    >
      Esc
    </button>
  </div>
</DocumentFragment>
`;
